******************************************************************************
                  TI ARM Linker PC v18.1.2                     
******************************************************************************
>> Linked Wed Sep 12 15:39:32 2018

OUTPUT FILE NAME:   <Lab2.out>
ENTRY POINT SYMBOL: "_c_int00_noargs"  address: 00002b99


MEMORY CONFIGURATION

         name            origin    length      used     unused   attr    fill
----------------------  --------  ---------  --------  --------  ----  --------
  FLASH                 00000000   00040000  000030ae  0003cf52  R  X
  SRAM                  20000000   00008000  00000509  00007af7  RW X


SEGMENT ALLOCATION MAP

run origin  load origin   length   init length attrs members
----------  ----------- ---------- ----------- ----- -------
00000000    00000000    000030b0   000030b0    r-x
  00000000    00000000    0000026c   0000026c    r-- .intvecs
  0000026c    0000026c    00002c02   00002c02    r-x .text
  00002e70    00002e70    00000200   00000200    r-- .const
  00003070    00003070    00000040   00000040    r-- .cinit
20000000    20000000    0000050d   00000000    rw-
  20000000    20000000    0000026c   00000000    rw- .vtable
  20000270    20000270    00000200   00000000    rw- .stack
  20000470    20000470    00000084   00000000    rw- .bss
  200004f4    200004f4    00000019   00000000    rw- .data


SECTION ALLOCATION MAP

 output                                  attributes/
section   page    origin      length       input sections
--------  ----  ----------  ----------   ----------------
.intvecs   0    00000000    0000026c     
                  00000000    0000026c     tm4c123gh6pm_startup_ccs.obj (.intvecs)

.text      0    0000026c    00002c02     
                  0000026c    00000a5e     rtsv7M4_T_le_v4SPD16_eabi.lib : _printfi.c.obj (.text:__TI_printfi)
                  00000cca    00000002                                   : div0.asm.obj (.text)
                  00000ccc    000003d0     Util.lib : launchpad.obj (.text)
                  0000109c    00000270     rtsv7M4_T_le_v4SPD16_eabi.lib : _printfi.c.obj (.text:_pconv_a)
                  0000130c    000001fc     seg7.obj (.text)
                  00001508    000001d0     rtsv7M4_T_le_v4SPD16_eabi.lib : _printfi.c.obj (.text:_pconv_g)
                  000016d8    000001b6                                   : fd_add_t2.asm.obj (.text)
                  0000188e    00000002     --HOLE-- [fill = 0]
                  00001890    0000013c                                   : _printfi.c.obj (.text:_pconv_e)
                  000019cc    00000136                                   : fd_div_t2.asm.obj (.text)
                  00001b02    00000132     driverlib.lib : gpio.obj (.text:GPIOPadConfigSet)
                  00001c34    00000120     rtsv7M4_T_le_v4SPD16_eabi.lib : _printfi.c.obj (.text:fcvt)
                  00001d54    00000110     driverlib.lib : sysctl.obj (.text:SysCtlClockGet)
                  00001e64    00000110     rtsv7M4_T_le_v4SPD16_eabi.lib : s_scalbn.c.obj (.text:scalbn)
                  00001f74    000000fc                                   : fd_mul_t2.asm.obj (.text)
                  00002070    000000f4     driverlib.lib : sysctl.obj (.text:SysCtlClockSet)
                  00002164    000000c4     Util.lib : uart.obj (.text)
                  00002228    000000bc     main.obj (.text)
                  000022e4    000000b1     rtsv7M4_T_le_v4SPD16_eabi.lib : _printfi.c.obj (.text:_ltostr)
                  00002395    00000003     --HOLE-- [fill = 0]
                  00002398    0000009c     Util.lib : led.obj (.text)
                  00002434    0000009c     rtsv7M4_T_le_v4SPD16_eabi.lib : memcpy_t2.asm.obj (.text)
                  000024d0    00000096                                   : ull_div_t2.asm.obj (.text)
                  00002566    00000002     --HOLE-- [fill = 0]
                  00002568    0000008c     Util.lib : pushbutton.obj (.text)
                  000025f4    00000086     rtsv7M4_T_le_v4SPD16_eabi.lib : fd_cmp_t2.asm.obj (.text:__aeabi_cdcmple)
                  0000267a    00000086                                   : fd_cmp_t2.asm.obj (.text:__aeabi_cdrcmple)
                  00002700    0000007a                                   : memset_t2.asm.obj (.text)
                  0000277a    0000006e                                   : _printfi.c.obj (.text:_mcpy)
                  000027e8    00000068                                   : copy_decompress_lzss.c.obj (.text:decompress:lzss:__TI_decompress_lzss)
                  00002850    00000064                                   : s_frexp.c.obj (.text:frexp)
                  000028b4    00000056                                   : _printfi.c.obj (.text:_pconv_f)
                  0000290a    00000054                                   : ltoa.c.obj (.text:ltoa)
                  0000295e    00000052                                   : _printfi.c.obj (.text:_ecpy)
                  000029b0    0000004c                                   : atoi.c.obj (.text:atoi)
                  000029fc    00000048     driverlib.lib : gpio.obj (.text:GPIOPinConfigure)
                  00002a44    00000048     rtsv7M4_T_le_v4SPD16_eabi.lib : fd_toi_t2.asm.obj (.text)
                  00002a8c    00000046     driverlib.lib : uart.obj (.text:UARTConfigSetExpClk)
                  00002ad2    00000002     --HOLE-- [fill = 0]
                  00002ad4    00000044     rtsv7M4_T_le_v4SPD16_eabi.lib : autoinit.c.obj (.text:__TI_auto_init_nobinit_nopinit:__TI_auto_init_nobinit_nopinit)
                  00002b18    00000040                                   : vsnprintf.c.obj (.text:vsnprintf)
                  00002b58    0000003e                                   : _printfi.c.obj (.text:_fcpy)
                  00002b96    00000002     --HOLE-- [fill = 0]
                  00002b98    00000038                                   : boot_cortex_m.c.obj (.text:_c_int00_noargs:_c_int00_noargs)
                  00002bd0    00000034     driverlib.lib : interrupt.obj (.text:IntRegister)
                  00002c04    00000034                   : sysctl.obj (.text:SysCtlPeripheralEnable)
                  00002c38    00000030     rtsv7M4_T_le_v4SPD16_eabi.lib : vsnprintf.c.obj (.text:_outs)
                  00002c68    0000002e                                   : i_tofd_t2.asm.obj (.text)
                  00002c96    0000002a     driverlib.lib : gpio.obj (.text:GPIODirModeSet)
                  00002cc0    00000020                   : uart.obj (.text:UARTDisable)
                  00002ce0    0000001c                   : systick.obj (.text:SysTickIntRegister)
                  00002cfc    0000001c     rtsv7M4_T_le_v4SPD16_eabi.lib : memccpy.c.obj (.text:memccpy)
                  00002d18    00000018     driverlib.lib : gpio.obj (.text:GPIOPinTypeGPIOOutput)
                  00002d30    00000018     rtsv7M4_T_le_v4SPD16_eabi.lib : vsnprintf.c.obj (.text:_outc)
                  00002d48    00000016                                   : strchr.c.obj (.text:strchr)
                  00002d5e    00000002     --HOLE-- [fill = 0]
                  00002d60    00000014     driverlib.lib : systick.obj (.text:SysTickEnable)
                  00002d74    00000014                   : systick.obj (.text:SysTickIntEnable)
                  00002d88    00000014                   : uart.obj (.text:UARTEnable)
                  00002d9c    00000014     rtsv7M4_T_le_v4SPD16_eabi.lib : s_copysign.c.obj (.text:copysign)
                  00002db0    00000014                                   : strlen.c.obj (.text:strlen)
                  00002dc4    00000012     driverlib.lib : gpio.obj (.text:GPIOPinTypeGPIOInput)
                  00002dd6    00000012                   : gpio.obj (.text:GPIOPinTypeUART)
                  00002de8    00000012     rtsv7M4_T_le_v4SPD16_eabi.lib : copy_zero_init.c.obj (.text:decompress:ZI:__TI_zero_init_nomemset:__TI_zero_init_nomemset)
                  00002dfa    00000012                                   : wcslen.c.obj (.text:wcslen)
                  00002e0c    00000010     driverlib.lib : systick.obj (.text:SysTickPeriodSet)
                  00002e1c    0000000e     rtsv7M4_T_le_v4SPD16_eabi.lib : copy_decompress_none.c.obj (.text:decompress:none:__TI_decompress_none)
                  00002e2a    0000000c     tm4c123gh6pm_startup_ccs.obj (.text)
                  00002e36    0000000a     driverlib.lib : uart.obj (.text:UARTCharGet)
                  00002e40    0000000a                   : uart.obj (.text:UARTCharPut)
                  00002e4a    00000002     --HOLE-- [fill = 0]
                  00002e4c    00000008     rtsv7M4_T_le_v4SPD16_eabi.lib : errno.c.obj (.text:__aeabi_errno_addr)
                  00002e54    00000006     driverlib.lib : gpio.obj (.text:GPIOPinRead)
                  00002e5a    00000006                   : gpio.obj (.text:GPIOPinWrite)
                  00002e60    00000006                   : sysctl.obj (.text:SysCtlDelay)
                  00002e66    00000004     rtsv7M4_T_le_v4SPD16_eabi.lib : pre_init.c.obj (.text:_system_pre_init)
                  00002e6a    00000004                                   : exit.c.obj (.text:abort:abort)

.const     0    00002e70    00000200     
                  00002e70    00000101     rtsv7M4_T_le_v4SPD16_eabi.lib : ctype.c.obj (.const:.string:_ctypes_)
                  00002f71    00000003     --HOLE-- [fill = 0]
                  00002f74    00000090     driverlib.lib : gpio.obj (.const:g_pui32GPIOBaseAddrs)
                  00003004    0000006c                   : sysctl.obj (.const:g_pui32Xtals)

.cinit     0    00003070    00000040     
                  00003070    0000000c     (.cinit..data.load) [load image, compression = lzss]
                  0000307c    0000000c     (__TI_handler_table)
                  00003088    00000008     (.cinit..bss.load) [load image, compression = zero_init]
                  00003090    00000008     (.cinit..vtable.load) [load image, compression = zero_init]
                  00003098    00000018     (__TI_cinit_table)

.init_array 
*          0    00000000    00000000     UNINITIALIZED

.vtable    0    20000000    0000026c     UNINITIALIZED
                  20000000    0000026c     driverlib.lib : interrupt.obj (.vtable)

.bss       0    20000470    00000084     UNINITIALIZED
                  20000470    00000080     Util.lib : launchpad.obj (.bss:callbackHeap)
                  200004f0    00000004              : launchpad.obj (.bss)

.data      0    200004f4    00000019     UNINITIALIZED
                  200004f4    0000000a     main.obj (.data:seg7Coding)
                  200004fe    00000001     Util.lib : led.obj (.data)
                  200004ff    00000001              : pushbutton.obj (.data)
                  20000500    00000008              : launchpad.obj (.data)
                  20000508    00000004     rtsv7M4_T_le_v4SPD16_eabi.lib : errno.c.obj (.data)
                  2000050c    00000001     main.obj (.data)

.stack     0    20000270    00000200     UNINITIALIZED
                  20000270    00000004     rtsv7M4_T_le_v4SPD16_eabi.lib : boot_cortex_m.c.obj (.stack)
                  20000274    000001fc     --HOLE--

MODULE SUMMARY

       Module                         code    ro data   rw data
       ------                         ----    -------   -------
    .\
       tm4c123gh6pm_startup_ccs.obj   12      620       0      
       seg7.obj                       508     0         0      
       main.obj                       188     0         11     
    +--+------------------------------+-------+---------+---------+
       Total:                         708     620       11     
                                                               
    C:/Users/ilove/OneDrive/Documents/GitHub/ECE266 - Lab2/ECE266-Lab-2/Util/Debug/Util.lib
       launchpad.obj                  976     0         140    
       uart.obj                       196     0         0      
       led.obj                        156     0         1      
       pushbutton.obj                 140     0         1      
    +--+------------------------------+-------+---------+---------+
       Total:                         1468    0         142    
                                                               
    C:/ti/TivaWare_C_Series-2.1.4.178/driverlib/ccs/Debug/driverlib.lib
       sysctl.obj                     574     108       0      
       interrupt.obj                  52      0         620    
       gpio.obj                       492     144       0      
       uart.obj                       142     0         0      
       systick.obj                    84      0         0      
    +--+------------------------------+-------+---------+---------+
       Total:                         1344    252       620    
                                                               
    C:\ti\ccsv8\tools\compiler\ti-cgt-arm_18.1.2.LTS\lib\rtsv7M4_T_le_v4SPD16_eabi.lib
       _printfi.c.obj                 4863    0         0      
       fd_add_t2.asm.obj              438     0         0      
       fd_div_t2.asm.obj              310     0         0      
       s_scalbn.c.obj                 272     0         0      
       fd_cmp_t2.asm.obj              268     0         0      
       ctype.c.obj                    0       257       0      
       fd_mul_t2.asm.obj              252     0         0      
       memcpy_t2.asm.obj              156     0         0      
       ull_div_t2.asm.obj             150     0         0      
       vsnprintf.c.obj                136     0         0      
       memset_t2.asm.obj              122     0         0      
       copy_decompress_lzss.c.obj     104     0         0      
       s_frexp.c.obj                  100     0         0      
       ltoa.c.obj                     84      0         0      
       atoi.c.obj                     76      0         0      
       fd_toi_t2.asm.obj              72      0         0      
       autoinit.c.obj                 68      0         0      
       boot_cortex_m.c.obj            56      0         0      
       i_tofd_t2.asm.obj              46      0         0      
       memccpy.c.obj                  28      0         0      
       strchr.c.obj                   22      0         0      
       s_copysign.c.obj               20      0         0      
       strlen.c.obj                   20      0         0      
       copy_zero_init.c.obj           18      0         0      
       wcslen.c.obj                   18      0         0      
       copy_decompress_none.c.obj     14      0         0      
       errno.c.obj                    8       0         4      
       exit.c.obj                     4       0         0      
       pre_init.c.obj                 4       0         0      
       div0.asm.obj                   2       0         0      
    +--+------------------------------+-------+---------+---------+
       Total:                         7731    257       4      
                                                               
       Stack:                         0       0         512    
       Linker Generated:              0       64        0      
    +--+------------------------------+-------+---------+---------+
       Grand Total:                   11251   1193      1289   


LINKER GENERATED COPY TABLES

__TI_cinit_table @ 00003098 records: 3, size/record: 8, table size: 24
	.data: load addr=00003070, load size=0000000c bytes, run addr=200004f4, run size=00000019 bytes, compression=lzss
	.bss: load addr=00003088, load size=00000008 bytes, run addr=20000470, run size=00000084 bytes, compression=zero_init
	.vtable: load addr=00003090, load size=00000008 bytes, run addr=20000000, run size=0000026c bytes, compression=zero_init


LINKER GENERATED HANDLER TABLE

__TI_handler_table @ 0000307c records: 3, size/record: 4, table size: 12
	index: 0, handler: __TI_zero_init
	index: 1, handler: __TI_decompress_lzss
	index: 2, handler: __TI_decompress_none


GLOBAL SYMBOLS: SORTED ALPHABETICALLY BY Name 

address   name                          
-------   ----                          
00002e6b  C$$EXIT                       
00002c97  GPIODirModeSet                
00001b03  GPIOPadConfigSet              
000029fd  GPIOPinConfigure              
00002e55  GPIOPinRead                   
00002dc5  GPIOPinTypeGPIOInput          
00002d19  GPIOPinTypeGPIOOutput         
00002dd7  GPIOPinTypeUART               
00002e5b  GPIOPinWrite                  
00002bd1  IntRegister                   
00002e2b  ResetISR                      
00001d55  SysCtlClockGet                
00002071  SysCtlClockSet                
00002e61  SysCtlDelay                   
00002c05  SysCtlPeripheralEnable        
00002d61  SysTickEnable                 
00002d75  SysTickIntEnable              
00002ce1  SysTickIntRegister            
00002e0d  SysTickPeriodSet              
00002e37  UARTCharGet                   
00002e41  UARTCharPut                   
00002a8d  UARTConfigSetExpClk           
00002cc1  UARTDisable                   
00002d89  UARTEnable                    
20000470  __STACK_END                   
00000200  __STACK_SIZE                  
20000470  __STACK_TOP                   
00003098  __TI_CINIT_Base               
000030b0  __TI_CINIT_Limit              
0000307c  __TI_Handler_Table_Base       
00003088  __TI_Handler_Table_Limit      
00002ad5  __TI_auto_init_nobinit_nopinit
000027e9  __TI_decompress_lzss          
00002e1d  __TI_decompress_none          
ffffffff  __TI_pprof_out_hndl           
0000026d  __TI_printfi                  
ffffffff  __TI_prof_data_size           
ffffffff  __TI_prof_data_start          
00000000  __TI_static_base__            
00002de9  __TI_zero_init_nomemset       
000025f5  __aeabi_cdcmpeq               
000025f5  __aeabi_cdcmple               
0000267b  __aeabi_cdrcmple              
00002a45  __aeabi_d2iz                  
000016e3  __aeabi_dadd                  
000019cd  __aeabi_ddiv                  
00001f75  __aeabi_dmul                  
000016d9  __aeabi_dsub                  
00002e4d  __aeabi_errno_addr            
00002c69  __aeabi_i2d                   
00000ccb  __aeabi_idiv0                 
00000ccb  __aeabi_ldiv0                 
00002701  __aeabi_memclr                
00002701  __aeabi_memclr4               
00002701  __aeabi_memclr8               
00002435  __aeabi_memcpy                
00002435  __aeabi_memcpy4               
00002435  __aeabi_memcpy8               
00002703  __aeabi_memset                
00002703  __aeabi_memset4               
00002703  __aeabi_memset8               
000024d1  __aeabi_uldivmod              
ffffffff  __binit__                     
ffffffff  __c_args__                    
UNDEFED   __mpu_init                    
20000270  __stack                       
00002b99  _c_int00_noargs               
00002e70  _ctypes_                      
UNDEFED   _system_post_cinit            
00002e67  _system_pre_init              
00002e6b  abort                         
000029b1  atoi                          
ffffffff  binit                         
00002229  clockUpdate                   
00002d9d  copysign                      
00002d9d  copysignl                     
20000508  errno                         
00002851  frexp                         
00002851  frexpl                        
20000000  g_pfnRAMVectors               
00000000  g_pfnVectors                  
00001e65  ldexp                         
00001e65  ldexpl                        
000023bb  ledInit                       
00002399  ledInitForced                 
000023cf  ledTurnOnOff                  
00000fd7  lpInit                        
0000290b  ltoa                          
0000228d  main                          
00002cfd  memccpy                       
00002435  memcpy                        
00002709  memset                        
0000259d  pbInit                        
00002569  pbInitForced                  
000025b1  pbRead                        
00001e65  scalbn                        
00001e65  scalbnl                       
00000dfb  schdCallback                  
00000e75  schdExecute                   
0000130d  seg7Init                      
00001499  seg7Update                    
00002d49  strchr                        
00002db1  strlen                        
00000d5f  sysTimeGet                    
00000d65  sysTimeReached                
00000d8b  sysTimeWait                   
00000daf  sysTimeWaitAbsolute           
000021b1  uartGetChar                   
00002165  uartInit                      
0000219f  uartPutChar                   
000021c3  uartPutString                 
000021ef  uprintf                       
00002b19  vsnprintf                     
00000f79  waitMs                        
00000fa9  waitUs                        
00002dfb  wcslen                        


GLOBAL SYMBOLS: SORTED BY Symbol Address 

address   name                          
-------   ----                          
00000000  __TI_static_base__            
00000000  g_pfnVectors                  
00000200  __STACK_SIZE                  
0000026d  __TI_printfi                  
00000ccb  __aeabi_idiv0                 
00000ccb  __aeabi_ldiv0                 
00000d5f  sysTimeGet                    
00000d65  sysTimeReached                
00000d8b  sysTimeWait                   
00000daf  sysTimeWaitAbsolute           
00000dfb  schdCallback                  
00000e75  schdExecute                   
00000f79  waitMs                        
00000fa9  waitUs                        
00000fd7  lpInit                        
0000130d  seg7Init                      
00001499  seg7Update                    
000016d9  __aeabi_dsub                  
000016e3  __aeabi_dadd                  
000019cd  __aeabi_ddiv                  
00001b03  GPIOPadConfigSet              
00001d55  SysCtlClockGet                
00001e65  ldexp                         
00001e65  ldexpl                        
00001e65  scalbn                        
00001e65  scalbnl                       
00001f75  __aeabi_dmul                  
00002071  SysCtlClockSet                
00002165  uartInit                      
0000219f  uartPutChar                   
000021b1  uartGetChar                   
000021c3  uartPutString                 
000021ef  uprintf                       
00002229  clockUpdate                   
0000228d  main                          
00002399  ledInitForced                 
000023bb  ledInit                       
000023cf  ledTurnOnOff                  
00002435  __aeabi_memcpy                
00002435  __aeabi_memcpy4               
00002435  __aeabi_memcpy8               
00002435  memcpy                        
000024d1  __aeabi_uldivmod              
00002569  pbInitForced                  
0000259d  pbInit                        
000025b1  pbRead                        
000025f5  __aeabi_cdcmpeq               
000025f5  __aeabi_cdcmple               
0000267b  __aeabi_cdrcmple              
00002701  __aeabi_memclr                
00002701  __aeabi_memclr4               
00002701  __aeabi_memclr8               
00002703  __aeabi_memset                
00002703  __aeabi_memset4               
00002703  __aeabi_memset8               
00002709  memset                        
000027e9  __TI_decompress_lzss          
00002851  frexp                         
00002851  frexpl                        
0000290b  ltoa                          
000029b1  atoi                          
000029fd  GPIOPinConfigure              
00002a45  __aeabi_d2iz                  
00002a8d  UARTConfigSetExpClk           
00002ad5  __TI_auto_init_nobinit_nopinit
00002b19  vsnprintf                     
00002b99  _c_int00_noargs               
00002bd1  IntRegister                   
00002c05  SysCtlPeripheralEnable        
00002c69  __aeabi_i2d                   
00002c97  GPIODirModeSet                
00002cc1  UARTDisable                   
00002ce1  SysTickIntRegister            
00002cfd  memccpy                       
00002d19  GPIOPinTypeGPIOOutput         
00002d49  strchr                        
00002d61  SysTickEnable                 
00002d75  SysTickIntEnable              
00002d89  UARTEnable                    
00002d9d  copysign                      
00002d9d  copysignl                     
00002db1  strlen                        
00002dc5  GPIOPinTypeGPIOInput          
00002dd7  GPIOPinTypeUART               
00002de9  __TI_zero_init_nomemset       
00002dfb  wcslen                        
00002e0d  SysTickPeriodSet              
00002e1d  __TI_decompress_none          
00002e2b  ResetISR                      
00002e37  UARTCharGet                   
00002e41  UARTCharPut                   
00002e4d  __aeabi_errno_addr            
00002e55  GPIOPinRead                   
00002e5b  GPIOPinWrite                  
00002e61  SysCtlDelay                   
00002e67  _system_pre_init              
00002e6b  C$$EXIT                       
00002e6b  abort                         
00002e70  _ctypes_                      
0000307c  __TI_Handler_Table_Base       
00003088  __TI_Handler_Table_Limit      
00003098  __TI_CINIT_Base               
000030b0  __TI_CINIT_Limit              
20000000  g_pfnRAMVectors               
20000270  __stack                       
20000470  __STACK_END                   
20000470  __STACK_TOP                   
20000508  errno                         
ffffffff  __TI_pprof_out_hndl           
ffffffff  __TI_prof_data_size           
ffffffff  __TI_prof_data_start          
ffffffff  __binit__                     
ffffffff  __c_args__                    
ffffffff  binit                         
UNDEFED   __mpu_init                    
UNDEFED   _system_post_cinit            

[116 symbols]
